// Jest Snapshot v1, https://goo.gl/fbAQLP

exports[`components | ErrorHandler | index should render component 1`] = `
<div>
  <div
    class="ErrorHandler"
  >
    <span
      data-testid="errorMessage"
    >
      random message
    </span>
  </div>
</div>
`;
